Error type 5 at Line 5: unmatching type on both sides of assignment
Error type 5 at Line 8: unmatching type on both sides of assignment
