Error type 6 at Line 11: left side in assignment is rvalue
