Error type 10 at Line 5: indexing on non-array variable
Error type 5 at Line 5: unmatching type on both sides of assignment
