Error type 15 at Line 5: redefine the same structure type
