Error type 5 at Line 3: unmatching type on both sides of assignment
